// Jest Snapshot v1, https://goo.gl/fbAQLP

exports[`Pruebas en <GifItem> debe hacer match SnapShot  1`] = `
<div>
  <div
    class="card"
  >
    <img
      alt="Saitama"
      src="http://one-ponch/saitama.png"
    />
    <p>
      Saitama
    </p>
  </div>
</div>
`;
